src/components/admin/BlogForm.tsx(2,10): error TS1484: 'BlogPost' is a type and must be imported using a type-only import when 'verbatimModuleSyntax' is enabled.
src/components/admin/ServiceForm.tsx(2,10): error TS1484: 'Service' is a type and must be imported using a type-only import when 'verbatimModuleSyntax' is enabled.
src/pages/AdminBlog.tsx(2,10): error TS1484: 'BlogPost' is a type and must be imported using a type-only import when 'verbatimModuleSyntax' is enabled.
src/pages/AdminBlog.tsx(4,31): error TS6133: 'Eye' is declared but its value is never read.
src/pages/AdminPatients.tsx(2,10): error TS1484: 'UserProfile' is a type and must be imported using a type-only import when 'verbatimModuleSyntax' is enabled.
src/pages/AdminPractitioners.tsx(3,10): error TS1484: 'Practitioner' is a type and must be imported using a type-only import when 'verbatimModuleSyntax' is enabled.
src/pages/AdminServices.tsx(3,10): error TS1484: 'Service' is a type and must be imported using a type-only import when 'verbatimModuleSyntax' is enabled.
src/pages/Archive.tsx(3,10): error TS1484: 'BlogPost' is a type and must be imported using a type-only import when 'verbatimModuleSyntax' is enabled.
src/pages/Article.tsx(3,10): error TS1484: 'BlogPost' is a type and must be imported using a type-only import when 'verbatimModuleSyntax' is enabled.
src/pages/Services.tsx(5,10): error TS1484: 'Service' is a type and must be imported using a type-only import when 'verbatimModuleSyntax' is enabled.
src/services/blogService.ts(4,10): error TS1484: 'BlogPost' is a type and must be imported using a type-only import when 'verbatimModuleSyntax' is enabled.
src/services/practitionerService.ts(4,10): error TS1484: 'Practitioner' is a type and must be imported using a type-only import when 'verbatimModuleSyntax' is enabled.
src/services/serviceService.ts(3,10): error TS1484: 'Service' is a type and must be imported using a type-only import when 'verbatimModuleSyntax' is enabled.
src/services/userService.ts(3,10): error TS1484: 'UserProfile' is a type and must be imported using a type-only import when 'verbatimModuleSyntax' is enabled.
